[0.624s] Invoking command in '/workspace/src/ros_sv/navigation': PYTHONPATH=/workspace/src/ros_sv/navigation/build/navigation/prefix_override:/usr/lib/python3/dist-packages/colcon_core/task/python/colcon_distutils_commands:/workspace/src/ros_sv/navigation/install/navigation/lib/python3.10/site-packages:${PYTHONPATH} /usr/bin/python3 -W ignore:setup.py install is deprecated -W ignore:easy_install command is deprecated setup.py egg_info --egg-base build/navigation build --build-base /workspace/src/ros_sv/navigation/build/navigation/build install --record /workspace/src/ros_sv/navigation/build/navigation/install.log --install-scripts $base/lib/navigation --single-version-externally-managed install_data
[0.874s] running egg_info
[0.889s] writing build/navigation/navigation.egg-info/PKG-INFO
[0.889s] writing dependency_links to build/navigation/navigation.egg-info/dependency_links.txt
[0.889s] writing entry points to build/navigation/navigation.egg-info/entry_points.txt
[0.890s] writing requirements to build/navigation/navigation.egg-info/requires.txt
[0.890s] writing top-level names to build/navigation/navigation.egg-info/top_level.txt
[0.923s] reading manifest file 'build/navigation/navigation.egg-info/SOURCES.txt'
[0.925s] writing manifest file 'build/navigation/navigation.egg-info/SOURCES.txt'
[0.925s] running build
[0.925s] running build_py
[0.925s] copying navigation/arm_takeoff_node.py -> /workspace/src/ros_sv/navigation/build/navigation/build/lib/navigation
[0.926s] running install
[0.930s] running install_lib
[0.946s] copying /workspace/src/ros_sv/navigation/build/navigation/build/lib/navigation/arm_takeoff_node.py -> /workspace/src/ros_sv/navigation/install/navigation/lib/python3.10/site-packages/navigation
[0.946s] byte-compiling /workspace/src/ros_sv/navigation/install/navigation/lib/python3.10/site-packages/navigation/arm_takeoff_node.py to arm_takeoff_node.cpython-310.pyc
[0.948s] running install_data
[0.948s] running install_egg_info
[0.965s] removing '/workspace/src/ros_sv/navigation/install/navigation/lib/python3.10/site-packages/navigation-0.0.0-py3.10.egg-info' (and everything under it)
[0.965s] Copying build/navigation/navigation.egg-info to /workspace/src/ros_sv/navigation/install/navigation/lib/python3.10/site-packages/navigation-0.0.0-py3.10.egg-info
[0.966s] running install_scripts
[0.997s] Installing arm_takeoff_node script to /workspace/src/ros_sv/navigation/install/navigation/lib/navigation
[0.998s] writing list of installed files to '/workspace/src/ros_sv/navigation/build/navigation/install.log'
[1.025s] Invoked command in '/workspace/src/ros_sv/navigation' returned '0': PYTHONPATH=/workspace/src/ros_sv/navigation/build/navigation/prefix_override:/usr/lib/python3/dist-packages/colcon_core/task/python/colcon_distutils_commands:/workspace/src/ros_sv/navigation/install/navigation/lib/python3.10/site-packages:${PYTHONPATH} /usr/bin/python3 -W ignore:setup.py install is deprecated -W ignore:easy_install command is deprecated setup.py egg_info --egg-base build/navigation build --build-base /workspace/src/ros_sv/navigation/build/navigation/build install --record /workspace/src/ros_sv/navigation/build/navigation/install.log --install-scripts $base/lib/navigation --single-version-externally-managed install_data
