[0.990s] Invoking command in '/workspace/src/ros_sv/navigation': PYTHONPATH=/workspace/src/ros_sv/navigation/build/navigation/prefix_override:/usr/lib/python3/dist-packages/colcon_core/task/python/colcon_distutils_commands:/workspace/src/ros_sv/navigation/install/navigation/lib/python3.10/site-packages:${PYTHONPATH} /usr/bin/python3 -W ignore:setup.py install is deprecated -W ignore:easy_install command is deprecated setup.py egg_info --egg-base build/navigation build --build-base /workspace/src/ros_sv/navigation/build/navigation/build install --record /workspace/src/ros_sv/navigation/build/navigation/install.log --install-scripts $base/lib/navigation --single-version-externally-managed install_data
[1.383s] running egg_info
[1.404s] writing build/navigation/navigation.egg-info/PKG-INFO
[1.405s] writing dependency_links to build/navigation/navigation.egg-info/dependency_links.txt
[1.405s] writing entry points to build/navigation/navigation.egg-info/entry_points.txt
[1.405s] writing requirements to build/navigation/navigation.egg-info/requires.txt
[1.405s] writing top-level names to build/navigation/navigation.egg-info/top_level.txt
[1.458s] reading manifest file 'build/navigation/navigation.egg-info/SOURCES.txt'
[1.460s] writing manifest file 'build/navigation/navigation.egg-info/SOURCES.txt'
[1.461s] running build
[1.461s] running build_py
[1.461s] running install
[1.467s] running install_lib
[1.488s] running install_data
[1.488s] running install_egg_info
[1.513s] removing '/workspace/src/ros_sv/navigation/install/navigation/lib/python3.10/site-packages/navigation-0.0.0-py3.10.egg-info' (and everything under it)
[1.513s] Copying build/navigation/navigation.egg-info to /workspace/src/ros_sv/navigation/install/navigation/lib/python3.10/site-packages/navigation-0.0.0-py3.10.egg-info
[1.515s] running install_scripts
[1.561s] Installing arm_takeoff_node script to /workspace/src/ros_sv/navigation/install/navigation/lib/navigation
[1.561s] writing list of installed files to '/workspace/src/ros_sv/navigation/build/navigation/install.log'
[1.611s] Invoked command in '/workspace/src/ros_sv/navigation' returned '0': PYTHONPATH=/workspace/src/ros_sv/navigation/build/navigation/prefix_override:/usr/lib/python3/dist-packages/colcon_core/task/python/colcon_distutils_commands:/workspace/src/ros_sv/navigation/install/navigation/lib/python3.10/site-packages:${PYTHONPATH} /usr/bin/python3 -W ignore:setup.py install is deprecated -W ignore:easy_install command is deprecated setup.py egg_info --egg-base build/navigation build --build-base /workspace/src/ros_sv/navigation/build/navigation/build install --record /workspace/src/ros_sv/navigation/build/navigation/install.log --install-scripts $base/lib/navigation --single-version-externally-managed install_data
