running egg_info
creating build/navigation/navigation.egg-info
writing build/navigation/navigation.egg-info/PKG-INFO
writing dependency_links to build/navigation/navigation.egg-info/dependency_links.txt
writing entry points to build/navigation/navigation.egg-info/entry_points.txt
writing requirements to build/navigation/navigation.egg-info/requires.txt
writing top-level names to build/navigation/navigation.egg-info/top_level.txt
writing manifest file 'build/navigation/navigation.egg-info/SOURCES.txt'
reading manifest file 'build/navigation/navigation.egg-info/SOURCES.txt'
writing manifest file 'build/navigation/navigation.egg-info/SOURCES.txt'
running build
running build_py
creating /workspace/src/ros_sv/navigation/build/navigation/build/lib/navigation
copying navigation/__init__.py -> /workspace/src/ros_sv/navigation/build/navigation/build/lib/navigation
copying navigation/arm_takeoff_node.py -> /workspace/src/ros_sv/navigation/build/navigation/build/lib/navigation
running install
running install_lib
creating /workspace/src/ros_sv/navigation/install/navigation/lib/python3.10/site-packages/navigation
copying /workspace/src/ros_sv/navigation/build/navigation/build/lib/navigation/__init__.py -> /workspace/src/ros_sv/navigation/install/navigation/lib/python3.10/site-packages/navigation
copying /workspace/src/ros_sv/navigation/build/navigation/build/lib/navigation/arm_takeoff_node.py -> /workspace/src/ros_sv/navigation/install/navigation/lib/python3.10/site-packages/navigation
byte-compiling /workspace/src/ros_sv/navigation/install/navigation/lib/python3.10/site-packages/navigation/__init__.py to __init__.cpython-310.pyc
byte-compiling /workspace/src/ros_sv/navigation/install/navigation/lib/python3.10/site-packages/navigation/arm_takeoff_node.py to arm_takeoff_node.cpython-310.pyc
running install_data
creating /workspace/src/ros_sv/navigation/install/navigation/share/ament_index/resource_index/packages
copying resource/navigation -> /workspace/src/ros_sv/navigation/install/navigation/share/ament_index/resource_index/packages
copying package.xml -> /workspace/src/ros_sv/navigation/install/navigation/share/navigation
running install_egg_info
Copying build/navigation/navigation.egg-info to /workspace/src/ros_sv/navigation/install/navigation/lib/python3.10/site-packages/navigation-0.0.0-py3.10.egg-info
running install_scripts
Installing arm_takeoff_node script to /workspace/src/ros_sv/navigation/install/navigation/lib/navigation
writing list of installed files to '/workspace/src/ros_sv/navigation/build/navigation/install.log'
