[0.976s] Invoking command in '/workspace/src/ros_sv/navigation': PYTHONPATH=/workspace/src/ros_sv/navigation/build/navigation/prefix_override:/usr/lib/python3/dist-packages/colcon_core/task/python/colcon_distutils_commands:/workspace/src/ros_sv/navigation/install/navigation/lib/python3.10/site-packages:${PYTHONPATH} /usr/bin/python3 -W ignore:setup.py install is deprecated -W ignore:easy_install command is deprecated setup.py egg_info --egg-base build/navigation build --build-base /workspace/src/ros_sv/navigation/build/navigation/build install --record /workspace/src/ros_sv/navigation/build/navigation/install.log --install-scripts $base/lib/navigation --single-version-externally-managed install_data
[1.370s] running egg_info
[1.394s] writing build/navigation/navigation.egg-info/PKG-INFO
[1.395s] writing dependency_links to build/navigation/navigation.egg-info/dependency_links.txt
[1.398s] writing entry points to build/navigation/navigation.egg-info/entry_points.txt
[1.398s] writing requirements to build/navigation/navigation.egg-info/requires.txt
[1.398s] writing top-level names to build/navigation/navigation.egg-info/top_level.txt
[1.448s] reading manifest file 'build/navigation/navigation.egg-info/SOURCES.txt'
[1.448s] writing manifest file 'build/navigation/navigation.egg-info/SOURCES.txt'
[1.449s] running build
[1.449s] running build_py
[1.449s] copying navigation/arm_takeoff_node.py -> /workspace/src/ros_sv/navigation/build/navigation/build/lib/navigation
[1.450s] running install
[1.458s] running install_lib
[1.482s] copying /workspace/src/ros_sv/navigation/build/navigation/build/lib/navigation/arm_takeoff_node.py -> /workspace/src/ros_sv/navigation/install/navigation/lib/python3.10/site-packages/navigation
[1.483s] byte-compiling /workspace/src/ros_sv/navigation/install/navigation/lib/python3.10/site-packages/navigation/arm_takeoff_node.py to arm_takeoff_node.cpython-310.pyc
[1.485s] running install_data
[1.486s] running install_egg_info
[1.509s] removing '/workspace/src/ros_sv/navigation/install/navigation/lib/python3.10/site-packages/navigation-0.0.0-py3.10.egg-info' (and everything under it)
[1.509s] Copying build/navigation/navigation.egg-info to /workspace/src/ros_sv/navigation/install/navigation/lib/python3.10/site-packages/navigation-0.0.0-py3.10.egg-info
[1.510s] running install_scripts
[1.564s] Installing arm_takeoff_node script to /workspace/src/ros_sv/navigation/install/navigation/lib/navigation
[1.565s] writing list of installed files to '/workspace/src/ros_sv/navigation/build/navigation/install.log'
[1.605s] Invoked command in '/workspace/src/ros_sv/navigation' returned '0': PYTHONPATH=/workspace/src/ros_sv/navigation/build/navigation/prefix_override:/usr/lib/python3/dist-packages/colcon_core/task/python/colcon_distutils_commands:/workspace/src/ros_sv/navigation/install/navigation/lib/python3.10/site-packages:${PYTHONPATH} /usr/bin/python3 -W ignore:setup.py install is deprecated -W ignore:easy_install command is deprecated setup.py egg_info --egg-base build/navigation build --build-base /workspace/src/ros_sv/navigation/build/navigation/build install --record /workspace/src/ros_sv/navigation/build/navigation/install.log --install-scripts $base/lib/navigation --single-version-externally-managed install_data
