[0.250s] DEBUG:colcon:Command line arguments: ['/usr/bin/colcon', 'build', '--packages-select', 'drone_perception']
[0.251s] DEBUG:colcon:Parsed command line arguments: Namespace(log_base=None, log_level=None, verb_name='build', build_base='build', install_base='install', merge_install=False, symlink_install=False, test_result_base=None, continue_on_error=False, executor='parallel', parallel_workers=8, event_handlers=None, ignore_user_meta=False, metas=['./colcon.meta'], base_paths=['.'], packages_ignore=None, packages_ignore_regex=None, paths=None, packages_up_to=None, packages_up_to_regex=None, packages_above=None, packages_above_and_dependencies=None, packages_above_depth=None, packages_select_by_dep=None, packages_skip_by_dep=None, packages_skip_up_to=None, packages_select_build_failed=False, packages_skip_build_finished=False, packages_select_test_failures=False, packages_skip_test_passed=False, packages_select=['drone_perception'], packages_skip=None, packages_select_regex=None, packages_skip_regex=None, packages_start=None, packages_end=None, cmake_args=None, cmake_target=None, cmake_target_skip_unavailable=False, cmake_clean_cache=False, cmake_clean_first=False, cmake_force_configure=False, ament_cmake_args=None, catkin_cmake_args=None, catkin_skip_building_tests=False, mixin_files=None, mixin=None, verb_parser=<colcon_mixin.mixin.mixin_argument.MixinArgumentDecorator object at 0x7cbb06723220>, verb_extension=<colcon_core.verb.build.BuildVerb object at 0x7cbb066e8cd0>, main=<bound method BuildVerb.main of <colcon_core.verb.build.BuildVerb object at 0x7cbb066e8cd0>>, mixin_verb=('build',))
[0.347s] Level 1:colcon.colcon_core.package_discovery:discover_packages(colcon_meta) check parameters
[0.347s] Level 1:colcon.colcon_core.package_discovery:discover_packages(recursive) check parameters
[0.347s] Level 1:colcon.colcon_core.package_discovery:discover_packages(ignore) check parameters
[0.348s] Level 1:colcon.colcon_core.package_discovery:discover_packages(path) check parameters
[0.348s] Level 1:colcon.colcon_core.package_discovery:discover_packages(colcon_meta) discover
[0.348s] Level 1:colcon.colcon_core.package_discovery:discover_packages(recursive) discover
[0.348s] INFO:colcon.colcon_core.package_discovery:Crawling recursively for packages in '/workspace/src/ros_sv'
[0.348s] Level 1:colcon.colcon_core.package_identification:_identify(.) by extensions ['ignore', 'ignore_ament_install']
[0.348s] Level 1:colcon.colcon_core.package_identification:_identify(.) by extension 'ignore'
[0.348s] Level 1:colcon.colcon_core.package_identification:_identify(.) by extension 'ignore_ament_install'
[0.348s] Level 1:colcon.colcon_core.package_identification:_identify(.) by extensions ['colcon_pkg']
[0.349s] Level 1:colcon.colcon_core.package_identification:_identify(.) by extension 'colcon_pkg'
[0.349s] Level 1:colcon.colcon_core.package_identification:_identify(.) by extensions ['colcon_meta']
[0.349s] Level 1:colcon.colcon_core.package_identification:_identify(.) by extension 'colcon_meta'
[0.349s] Level 1:colcon.colcon_core.package_identification:_identify(.) by extensions ['ros']
[0.349s] Level 1:colcon.colcon_core.package_identification:_identify(.) by extension 'ros'
[0.413s] Level 1:colcon.colcon_core.package_identification:_identify(.) by extensions ['cmake', 'python']
[0.413s] Level 1:colcon.colcon_core.package_identification:_identify(.) by extension 'cmake'
[0.413s] Level 1:colcon.colcon_core.package_identification:_identify(.) by extension 'python'
[0.413s] Level 1:colcon.colcon_core.package_identification:_identify(.) by extensions ['python_setup_py']
[0.413s] Level 1:colcon.colcon_core.package_identification:_identify(.) by extension 'python_setup_py'
[0.414s] Level 1:colcon.colcon_core.package_identification:_identify(build) by extensions ['ignore', 'ignore_ament_install']
[0.414s] Level 1:colcon.colcon_core.package_identification:_identify(build) by extension 'ignore'
[0.414s] Level 1:colcon.colcon_core.package_identification:_identify(build) ignored
[0.414s] Level 1:colcon.colcon_core.package_identification:_identify(drone_perception) by extensions ['ignore', 'ignore_ament_install']
[0.414s] Level 1:colcon.colcon_core.package_identification:_identify(drone_perception) by extension 'ignore'
[0.415s] Level 1:colcon.colcon_core.package_identification:_identify(drone_perception) by extension 'ignore_ament_install'
[0.415s] Level 1:colcon.colcon_core.package_identification:_identify(drone_perception) by extensions ['colcon_pkg']
[0.415s] Level 1:colcon.colcon_core.package_identification:_identify(drone_perception) by extension 'colcon_pkg'
[0.415s] Level 1:colcon.colcon_core.package_identification:_identify(drone_perception) by extensions ['colcon_meta']
[0.415s] Level 1:colcon.colcon_core.package_identification:_identify(drone_perception) by extension 'colcon_meta'
[0.415s] Level 1:colcon.colcon_core.package_identification:_identify(drone_perception) by extensions ['ros']
[0.415s] Level 1:colcon.colcon_core.package_identification:_identify(drone_perception) by extension 'ros'
[0.423s] DEBUG:colcon.colcon_core.package_identification:Package 'drone_perception' with type 'ros.ament_python' and name 'drone_perception'
[0.423s] Level 1:colcon.colcon_core.package_identification:_identify(install) by extensions ['ignore', 'ignore_ament_install']
[0.424s] Level 1:colcon.colcon_core.package_identification:_identify(install) by extension 'ignore'
[0.424s] Level 1:colcon.colcon_core.package_identification:_identify(install) ignored
[0.424s] Level 1:colcon.colcon_core.package_identification:_identify(log) by extensions ['ignore', 'ignore_ament_install']
[0.424s] Level 1:colcon.colcon_core.package_identification:_identify(log) by extension 'ignore'
[0.424s] Level 1:colcon.colcon_core.package_identification:_identify(log) ignored
[0.425s] Level 1:colcon.colcon_core.package_identification:_identify(navigation) by extensions ['ignore', 'ignore_ament_install']
[0.425s] Level 1:colcon.colcon_core.package_identification:_identify(navigation) by extension 'ignore'
[0.425s] Level 1:colcon.colcon_core.package_identification:_identify(navigation) by extension 'ignore_ament_install'
[0.425s] Level 1:colcon.colcon_core.package_identification:_identify(navigation) by extensions ['colcon_pkg']
[0.425s] Level 1:colcon.colcon_core.package_identification:_identify(navigation) by extension 'colcon_pkg'
[0.425s] Level 1:colcon.colcon_core.package_identification:_identify(navigation) by extensions ['colcon_meta']
[0.425s] Level 1:colcon.colcon_core.package_identification:_identify(navigation) by extension 'colcon_meta'
[0.425s] Level 1:colcon.colcon_core.package_identification:_identify(navigation) by extensions ['ros']
[0.426s] Level 1:colcon.colcon_core.package_identification:_identify(navigation) by extension 'ros'
[0.428s] DEBUG:colcon.colcon_core.package_identification:Package 'navigation' with type 'ros.ament_python' and name 'navigation'
[0.428s] Level 1:colcon.colcon_core.package_discovery:discover_packages(recursive) using defaults
[0.428s] Level 1:colcon.colcon_core.package_discovery:discover_packages(ignore) discover
[0.428s] Level 1:colcon.colcon_core.package_discovery:discover_packages(ignore) using defaults
[0.428s] Level 1:colcon.colcon_core.package_discovery:discover_packages(path) discover
[0.428s] Level 1:colcon.colcon_core.package_discovery:discover_packages(path) using defaults
[0.482s] INFO:colcon.colcon_core.package_selection:Skipping not selected package 'navigation' in 'navigation'
[0.484s] Level 5:colcon.colcon_core.verb:set package 'drone_perception' build argument 'cmake_args' from command line to 'None'
[0.484s] Level 5:colcon.colcon_core.verb:set package 'drone_perception' build argument 'cmake_target' from command line to 'None'
[0.484s] Level 5:colcon.colcon_core.verb:set package 'drone_perception' build argument 'cmake_target_skip_unavailable' from command line to 'False'
[0.484s] Level 5:colcon.colcon_core.verb:set package 'drone_perception' build argument 'cmake_clean_cache' from command line to 'False'
[0.484s] Level 5:colcon.colcon_core.verb:set package 'drone_perception' build argument 'cmake_clean_first' from command line to 'False'
[0.484s] Level 5:colcon.colcon_core.verb:set package 'drone_perception' build argument 'cmake_force_configure' from command line to 'False'
[0.484s] Level 5:colcon.colcon_core.verb:set package 'drone_perception' build argument 'ament_cmake_args' from command line to 'None'
[0.484s] Level 5:colcon.colcon_core.verb:set package 'drone_perception' build argument 'catkin_cmake_args' from command line to 'None'
[0.484s] Level 5:colcon.colcon_core.verb:set package 'drone_perception' build argument 'catkin_skip_building_tests' from command line to 'False'
[0.485s] DEBUG:colcon.colcon_core.verb:Building package 'drone_perception' with the following arguments: {'ament_cmake_args': None, 'build_base': '/workspace/src/ros_sv/build/drone_perception', 'catkin_cmake_args': None, 'catkin_skip_building_tests': False, 'cmake_args': None, 'cmake_clean_cache': False, 'cmake_clean_first': False, 'cmake_force_configure': False, 'cmake_target': None, 'cmake_target_skip_unavailable': False, 'install_base': '/workspace/src/ros_sv/install/drone_perception', 'merge_install': False, 'path': '/workspace/src/ros_sv/drone_perception', 'symlink_install': False, 'test_result_base': None}
[0.485s] INFO:colcon.colcon_core.executor:Executing jobs using 'parallel' executor
[0.488s] DEBUG:colcon.colcon_parallel_executor.executor.parallel:run_until_complete
[0.489s] INFO:colcon.colcon_ros.task.ament_python.build:Building ROS package in '/workspace/src/ros_sv/drone_perception' with build type 'ament_python'
[0.490s] Level 1:colcon.colcon_core.shell:create_environment_hook('drone_perception', 'ament_prefix_path')
[0.495s] INFO:colcon.colcon_core.plugin_system:Skipping extension 'colcon_core.shell.bat': Not used on non-Windows systems
[0.496s] INFO:colcon.colcon_core.shell:Creating environment hook '/workspace/src/ros_sv/install/drone_perception/share/drone_perception/hook/ament_prefix_path.ps1'
[0.498s] INFO:colcon.colcon_core.shell:Creating environment descriptor '/workspace/src/ros_sv/install/drone_perception/share/drone_perception/hook/ament_prefix_path.dsv'
[0.500s] INFO:colcon.colcon_core.shell:Creating environment hook '/workspace/src/ros_sv/install/drone_perception/share/drone_perception/hook/ament_prefix_path.sh'
[0.502s] INFO:colcon.colcon_core.shell:Skip shell extension 'powershell' for command environment: Not usable outside of PowerShell
[0.502s] DEBUG:colcon.colcon_core.shell:Skip shell extension 'dsv' for command environment
[1.017s] INFO:colcon.colcon_core.task.python.build:Building Python package in '/workspace/src/ros_sv/drone_perception'
[1.018s] INFO:colcon.colcon_core.shell:Skip shell extension 'powershell' for command environment: Not usable outside of PowerShell
[1.018s] DEBUG:colcon.colcon_core.shell:Skip shell extension 'dsv' for command environment
[1.895s] DEBUG:colcon.colcon_core.task.python.build:Available setuptools commands: dist_info, setopt, install_data, sdist, clean, install_lib, bdist_rpm, build_clib, bdist_wheel, bdist, develop, alias, build, rotate, egg_info, easy_install, install_scripts, build_py, install, symlink_data, bdist_dumb, build_ext, install_egg_info, build_scripts, install_headers, bdist_egg, saveopts, editable_wheel, check
[1.901s] DEBUG:colcon.colcon_core.event_handler.log_command:Invoking command in '/workspace/src/ros_sv/drone_perception': PYTHONPATH=/workspace/src/ros_sv/build/drone_perception/prefix_override:/usr/lib/python3/dist-packages/colcon_core/task/python/colcon_distutils_commands:/workspace/src/ros_sv/install/drone_perception/lib/python3.10/site-packages:${PYTHONPATH} /usr/bin/python3 -W ignore:setup.py install is deprecated -W ignore:easy_install command is deprecated setup.py egg_info --egg-base ../build/drone_perception build --build-base /workspace/src/ros_sv/build/drone_perception/build install --record /workspace/src/ros_sv/build/drone_perception/install.log --install-scripts $base/lib/drone_perception --single-version-externally-managed install_data
[2.799s] DEBUG:colcon.colcon_core.event_handler.log_command:Invoked command in '/workspace/src/ros_sv/drone_perception' returned '0': PYTHONPATH=/workspace/src/ros_sv/build/drone_perception/prefix_override:/usr/lib/python3/dist-packages/colcon_core/task/python/colcon_distutils_commands:/workspace/src/ros_sv/install/drone_perception/lib/python3.10/site-packages:${PYTHONPATH} /usr/bin/python3 -W ignore:setup.py install is deprecated -W ignore:easy_install command is deprecated setup.py egg_info --egg-base ../build/drone_perception build --build-base /workspace/src/ros_sv/build/drone_perception/build install --record /workspace/src/ros_sv/build/drone_perception/install.log --install-scripts $base/lib/drone_perception --single-version-externally-managed install_data
[2.805s] Level 1:colcon.colcon_core.environment:checking '/workspace/src/ros_sv/install/drone_perception' for CMake module files
[2.806s] Level 1:colcon.colcon_core.environment:checking '/workspace/src/ros_sv/install/drone_perception' for CMake config files
[2.808s] Level 1:colcon.colcon_core.environment:checking '/workspace/src/ros_sv/install/drone_perception/lib'
[2.808s] Level 1:colcon.colcon_core.environment:checking '/workspace/src/ros_sv/install/drone_perception/bin'
[2.809s] Level 1:colcon.colcon_core.environment:checking '/workspace/src/ros_sv/install/drone_perception/lib/pkgconfig/drone_perception.pc'
[2.810s] Level 1:colcon.colcon_core.environment:checking '/workspace/src/ros_sv/install/drone_perception/lib/python3.10/site-packages'
[2.810s] Level 1:colcon.colcon_core.shell:create_environment_hook('drone_perception', 'pythonpath')
[2.811s] INFO:colcon.colcon_core.shell:Creating environment hook '/workspace/src/ros_sv/install/drone_perception/share/drone_perception/hook/pythonpath.ps1'
[2.814s] INFO:colcon.colcon_core.shell:Creating environment descriptor '/workspace/src/ros_sv/install/drone_perception/share/drone_perception/hook/pythonpath.dsv'
[2.815s] INFO:colcon.colcon_core.shell:Creating environment hook '/workspace/src/ros_sv/install/drone_perception/share/drone_perception/hook/pythonpath.sh'
[2.818s] Level 1:colcon.colcon_core.environment:checking '/workspace/src/ros_sv/install/drone_perception/bin'
[2.818s] Level 1:colcon.colcon_core.environment:create_environment_scripts_only(drone_perception)
[2.819s] INFO:colcon.colcon_core.shell:Creating package script '/workspace/src/ros_sv/install/drone_perception/share/drone_perception/package.ps1'
[2.822s] INFO:colcon.colcon_core.shell:Creating package descriptor '/workspace/src/ros_sv/install/drone_perception/share/drone_perception/package.dsv'
[2.823s] INFO:colcon.colcon_core.shell:Creating package script '/workspace/src/ros_sv/install/drone_perception/share/drone_perception/package.sh'
[2.825s] INFO:colcon.colcon_core.shell:Creating package script '/workspace/src/ros_sv/install/drone_perception/share/drone_perception/package.bash'
[2.827s] INFO:colcon.colcon_core.shell:Creating package script '/workspace/src/ros_sv/install/drone_perception/share/drone_perception/package.zsh'
[2.829s] Level 1:colcon.colcon_core.environment:create_file_with_runtime_dependencies(/workspace/src/ros_sv/install/drone_perception/share/colcon-core/packages/drone_perception)
[2.830s] DEBUG:colcon.colcon_parallel_executor.executor.parallel:closing loop
[2.830s] DEBUG:colcon.colcon_parallel_executor.executor.parallel:loop closed
[2.830s] DEBUG:colcon.colcon_parallel_executor.executor.parallel:run_until_complete finished with '0'
[2.830s] DEBUG:colcon.colcon_core.event_reactor:joining thread
[2.844s] INFO:colcon.colcon_core.plugin_system:Skipping extension 'colcon_notification.desktop_notification.notify_send': Could not find 'notify-send'
[2.844s] INFO:colcon.colcon_core.plugin_system:Skipping extension 'colcon_notification.desktop_notification.terminal_notifier': Not used on non-Darwin systems
[2.844s] INFO:colcon.colcon_core.plugin_system:Skipping extension 'colcon_notification.desktop_notification.win32': Not used on non-Windows systems
[2.845s] INFO:colcon.colcon_notification.desktop_notification:Sending desktop notification using 'notify2'
[2.849s] DEBUG:colcon.colcon_notification.desktop_notification.notify2:Failed to initialize notify2: org.freedesktop.DBus.Error.Spawn.ExecFailed: /usr/bin/dbus-launch terminated abnormally without any error message
[2.850s] DEBUG:colcon.colcon_core.event_reactor:joined thread
[2.852s] INFO:colcon.colcon_core.shell:Creating prefix script '/workspace/src/ros_sv/install/local_setup.ps1'
[2.855s] INFO:colcon.colcon_core.shell:Creating prefix util module '/workspace/src/ros_sv/install/_local_setup_util_ps1.py'
[2.860s] INFO:colcon.colcon_core.shell:Creating prefix chain script '/workspace/src/ros_sv/install/setup.ps1'
[2.863s] INFO:colcon.colcon_core.shell:Creating prefix script '/workspace/src/ros_sv/install/local_setup.sh'
[2.865s] INFO:colcon.colcon_core.shell:Creating prefix util module '/workspace/src/ros_sv/install/_local_setup_util_sh.py'
[2.867s] INFO:colcon.colcon_core.shell:Creating prefix chain script '/workspace/src/ros_sv/install/setup.sh'
[2.870s] INFO:colcon.colcon_core.shell:Creating prefix script '/workspace/src/ros_sv/install/local_setup.bash'
[2.872s] INFO:colcon.colcon_core.shell:Creating prefix chain script '/workspace/src/ros_sv/install/setup.bash'
[2.875s] INFO:colcon.colcon_core.shell:Creating prefix script '/workspace/src/ros_sv/install/local_setup.zsh'
[2.876s] INFO:colcon.colcon_core.shell:Creating prefix chain script '/workspace/src/ros_sv/install/setup.zsh'
