running egg_info
writing build/navigation/navigation.egg-info/PKG-INFO
writing dependency_links to build/navigation/navigation.egg-info/dependency_links.txt
writing entry points to build/navigation/navigation.egg-info/entry_points.txt
writing requirements to build/navigation/navigation.egg-info/requires.txt
writing top-level names to build/navigation/navigation.egg-info/top_level.txt
reading manifest file 'build/navigation/navigation.egg-info/SOURCES.txt'
writing manifest file 'build/navigation/navigation.egg-info/SOURCES.txt'
running build
running build_py
copying navigation/arm_takeoff_node.py -> /workspace/src/ros_sv/navigation/build/navigation/build/lib/navigation
running install
running install_lib
copying /workspace/src/ros_sv/navigation/build/navigation/build/lib/navigation/arm_takeoff_node.py -> /workspace/src/ros_sv/navigation/install/navigation/lib/python3.10/site-packages/navigation
byte-compiling /workspace/src/ros_sv/navigation/install/navigation/lib/python3.10/site-packages/navigation/arm_takeoff_node.py to arm_takeoff_node.cpython-310.pyc
running install_data
running install_egg_info
removing '/workspace/src/ros_sv/navigation/install/navigation/lib/python3.10/site-packages/navigation-0.0.0-py3.10.egg-info' (and everything under it)
Copying build/navigation/navigation.egg-info to /workspace/src/ros_sv/navigation/install/navigation/lib/python3.10/site-packages/navigation-0.0.0-py3.10.egg-info
running install_scripts
Installing arm_takeoff_node script to /workspace/src/ros_sv/navigation/install/navigation/lib/navigation
writing list of installed files to '/workspace/src/ros_sv/navigation/build/navigation/install.log'
