[0.232s] DEBUG:colcon:Command line arguments: ['/usr/bin/colcon', 'build', '--packages-select', 'navigation']
[0.232s] DEBUG:colcon:Parsed command line arguments: Namespace(log_base=None, log_level=None, verb_name='build', build_base='build', install_base='install', merge_install=False, symlink_install=False, test_result_base=None, continue_on_error=False, executor='parallel', parallel_workers=8, event_handlers=None, ignore_user_meta=False, metas=['./colcon.meta'], base_paths=['.'], packages_ignore=None, packages_ignore_regex=None, paths=None, packages_up_to=None, packages_up_to_regex=None, packages_above=None, packages_above_and_dependencies=None, packages_above_depth=None, packages_select_by_dep=None, packages_skip_by_dep=None, packages_skip_up_to=None, packages_select_build_failed=False, packages_skip_build_finished=False, packages_select_test_failures=False, packages_skip_test_passed=False, packages_select=['navigation'], packages_skip=None, packages_select_regex=None, packages_skip_regex=None, packages_start=None, packages_end=None, cmake_args=None, cmake_target=None, cmake_target_skip_unavailable=False, cmake_clean_cache=False, cmake_clean_first=False, cmake_force_configure=False, ament_cmake_args=None, catkin_cmake_args=None, catkin_skip_building_tests=False, mixin_files=None, mixin=None, verb_parser=<colcon_mixin.mixin.mixin_argument.MixinArgumentDecorator object at 0x77b2a8c830a0>, verb_extension=<colcon_core.verb.build.BuildVerb object at 0x77b2a8c44b50>, main=<bound method BuildVerb.main of <colcon_core.verb.build.BuildVerb object at 0x77b2a8c44b50>>, mixin_verb=('build',))
[0.322s] Level 1:colcon.colcon_core.package_discovery:discover_packages(colcon_meta) check parameters
[0.322s] Level 1:colcon.colcon_core.package_discovery:discover_packages(recursive) check parameters
[0.322s] Level 1:colcon.colcon_core.package_discovery:discover_packages(ignore) check parameters
[0.322s] Level 1:colcon.colcon_core.package_discovery:discover_packages(path) check parameters
[0.322s] Level 1:colcon.colcon_core.package_discovery:discover_packages(colcon_meta) discover
[0.323s] Level 1:colcon.colcon_core.package_discovery:discover_packages(recursive) discover
[0.323s] INFO:colcon.colcon_core.package_discovery:Crawling recursively for packages in '/workspace/src/ros_sv/navigation'
[0.323s] Level 1:colcon.colcon_core.package_identification:_identify(.) by extensions ['ignore', 'ignore_ament_install']
[0.323s] Level 1:colcon.colcon_core.package_identification:_identify(.) by extension 'ignore'
[0.324s] Level 1:colcon.colcon_core.package_identification:_identify(.) by extension 'ignore_ament_install'
[0.324s] Level 1:colcon.colcon_core.package_identification:_identify(.) by extensions ['colcon_pkg']
[0.324s] Level 1:colcon.colcon_core.package_identification:_identify(.) by extension 'colcon_pkg'
[0.324s] Level 1:colcon.colcon_core.package_identification:_identify(.) by extensions ['colcon_meta']
[0.324s] Level 1:colcon.colcon_core.package_identification:_identify(.) by extension 'colcon_meta'
[0.324s] Level 1:colcon.colcon_core.package_identification:_identify(.) by extensions ['ros']
[0.324s] Level 1:colcon.colcon_core.package_identification:_identify(.) by extension 'ros'
[0.388s] DEBUG:colcon.colcon_core.package_identification:Package '.' with type 'ros.ament_python' and name 'navigation'
[0.389s] Level 1:colcon.colcon_core.package_discovery:discover_packages(recursive) using defaults
[0.389s] Level 1:colcon.colcon_core.package_discovery:discover_packages(ignore) discover
[0.389s] Level 1:colcon.colcon_core.package_discovery:discover_packages(ignore) using defaults
[0.389s] Level 1:colcon.colcon_core.package_discovery:discover_packages(path) discover
[0.389s] Level 1:colcon.colcon_core.package_discovery:discover_packages(path) using defaults
[0.426s] Level 5:colcon.colcon_core.verb:set package 'navigation' build argument 'cmake_args' from command line to 'None'
[0.426s] Level 5:colcon.colcon_core.verb:set package 'navigation' build argument 'cmake_target' from command line to 'None'
[0.426s] Level 5:colcon.colcon_core.verb:set package 'navigation' build argument 'cmake_target_skip_unavailable' from command line to 'False'
[0.426s] Level 5:colcon.colcon_core.verb:set package 'navigation' build argument 'cmake_clean_cache' from command line to 'False'
[0.427s] Level 5:colcon.colcon_core.verb:set package 'navigation' build argument 'cmake_clean_first' from command line to 'False'
[0.427s] Level 5:colcon.colcon_core.verb:set package 'navigation' build argument 'cmake_force_configure' from command line to 'False'
[0.427s] Level 5:colcon.colcon_core.verb:set package 'navigation' build argument 'ament_cmake_args' from command line to 'None'
[0.427s] Level 5:colcon.colcon_core.verb:set package 'navigation' build argument 'catkin_cmake_args' from command line to 'None'
[0.427s] Level 5:colcon.colcon_core.verb:set package 'navigation' build argument 'catkin_skip_building_tests' from command line to 'False'
[0.427s] DEBUG:colcon.colcon_core.verb:Building package 'navigation' with the following arguments: {'ament_cmake_args': None, 'build_base': '/workspace/src/ros_sv/navigation/build/navigation', 'catkin_cmake_args': None, 'catkin_skip_building_tests': False, 'cmake_args': None, 'cmake_clean_cache': False, 'cmake_clean_first': False, 'cmake_force_configure': False, 'cmake_target': None, 'cmake_target_skip_unavailable': False, 'install_base': '/workspace/src/ros_sv/navigation/install/navigation', 'merge_install': False, 'path': '/workspace/src/ros_sv/navigation', 'symlink_install': False, 'test_result_base': None}
[0.427s] INFO:colcon.colcon_core.executor:Executing jobs using 'parallel' executor
[0.430s] DEBUG:colcon.colcon_parallel_executor.executor.parallel:run_until_complete
[0.430s] INFO:colcon.colcon_ros.task.ament_python.build:Building ROS package in '/workspace/src/ros_sv/navigation' with build type 'ament_python'
[0.430s] Level 1:colcon.colcon_core.shell:create_environment_hook('navigation', 'ament_prefix_path')
[0.435s] INFO:colcon.colcon_core.plugin_system:Skipping extension 'colcon_core.shell.bat': Not used on non-Windows systems
[0.435s] INFO:colcon.colcon_core.shell:Creating environment hook '/workspace/src/ros_sv/navigation/install/navigation/share/navigation/hook/ament_prefix_path.ps1'
[0.437s] INFO:colcon.colcon_core.shell:Creating environment descriptor '/workspace/src/ros_sv/navigation/install/navigation/share/navigation/hook/ament_prefix_path.dsv'
[0.438s] INFO:colcon.colcon_core.shell:Creating environment hook '/workspace/src/ros_sv/navigation/install/navigation/share/navigation/hook/ament_prefix_path.sh'
[0.439s] INFO:colcon.colcon_core.shell:Skip shell extension 'powershell' for command environment: Not usable outside of PowerShell
[0.439s] DEBUG:colcon.colcon_core.shell:Skip shell extension 'dsv' for command environment
[0.904s] INFO:colcon.colcon_core.task.python.build:Building Python package in '/workspace/src/ros_sv/navigation'
[0.904s] INFO:colcon.colcon_core.shell:Skip shell extension 'powershell' for command environment: Not usable outside of PowerShell
[0.904s] DEBUG:colcon.colcon_core.shell:Skip shell extension 'dsv' for command environment
[1.704s] DEBUG:colcon.colcon_core.task.python.build:Available setuptools commands: install_scripts, setopt, dist_info, check, egg_info, saveopts, editable_wheel, develop, rotate, bdist_egg, install, bdist_rpm, install_egg_info, bdist, install_lib, install_data, bdist_wheel, build_clib, build_py, sdist, build_ext, clean, bdist_dumb, install_headers, build, alias, build_scripts, symlink_data, easy_install
[1.708s] DEBUG:colcon.colcon_core.event_handler.log_command:Invoking command in '/workspace/src/ros_sv/navigation': PYTHONPATH=/workspace/src/ros_sv/navigation/build/navigation/prefix_override:/usr/lib/python3/dist-packages/colcon_core/task/python/colcon_distutils_commands:/workspace/src/ros_sv/navigation/install/navigation/lib/python3.10/site-packages:${PYTHONPATH} /usr/bin/python3 -W ignore:setup.py install is deprecated -W ignore:easy_install command is deprecated setup.py egg_info --egg-base build/navigation build --build-base /workspace/src/ros_sv/navigation/build/navigation/build install --record /workspace/src/ros_sv/navigation/build/navigation/install.log --install-scripts $base/lib/navigation --single-version-externally-managed install_data
[2.515s] DEBUG:colcon.colcon_core.event_handler.log_command:Invoked command in '/workspace/src/ros_sv/navigation' returned '0': PYTHONPATH=/workspace/src/ros_sv/navigation/build/navigation/prefix_override:/usr/lib/python3/dist-packages/colcon_core/task/python/colcon_distutils_commands:/workspace/src/ros_sv/navigation/install/navigation/lib/python3.10/site-packages:${PYTHONPATH} /usr/bin/python3 -W ignore:setup.py install is deprecated -W ignore:easy_install command is deprecated setup.py egg_info --egg-base build/navigation build --build-base /workspace/src/ros_sv/navigation/build/navigation/build install --record /workspace/src/ros_sv/navigation/build/navigation/install.log --install-scripts $base/lib/navigation --single-version-externally-managed install_data
[2.519s] Level 1:colcon.colcon_core.environment:checking '/workspace/src/ros_sv/navigation/install/navigation' for CMake module files
[2.520s] Level 1:colcon.colcon_core.environment:checking '/workspace/src/ros_sv/navigation/install/navigation' for CMake config files
[2.522s] Level 1:colcon.colcon_core.environment:checking '/workspace/src/ros_sv/navigation/install/navigation/lib'
[2.522s] Level 1:colcon.colcon_core.environment:checking '/workspace/src/ros_sv/navigation/install/navigation/bin'
[2.522s] Level 1:colcon.colcon_core.environment:checking '/workspace/src/ros_sv/navigation/install/navigation/lib/pkgconfig/navigation.pc'
[2.523s] Level 1:colcon.colcon_core.environment:checking '/workspace/src/ros_sv/navigation/install/navigation/lib/python3.10/site-packages'
[2.523s] Level 1:colcon.colcon_core.shell:create_environment_hook('navigation', 'pythonpath')
[2.523s] INFO:colcon.colcon_core.shell:Creating environment hook '/workspace/src/ros_sv/navigation/install/navigation/share/navigation/hook/pythonpath.ps1'
[2.524s] INFO:colcon.colcon_core.shell:Creating environment descriptor '/workspace/src/ros_sv/navigation/install/navigation/share/navigation/hook/pythonpath.dsv'
[2.525s] INFO:colcon.colcon_core.shell:Creating environment hook '/workspace/src/ros_sv/navigation/install/navigation/share/navigation/hook/pythonpath.sh'
[2.527s] Level 1:colcon.colcon_core.environment:checking '/workspace/src/ros_sv/navigation/install/navigation/bin'
[2.527s] Level 1:colcon.colcon_core.environment:create_environment_scripts_only(navigation)
[2.528s] INFO:colcon.colcon_core.shell:Creating package script '/workspace/src/ros_sv/navigation/install/navigation/share/navigation/package.ps1'
[2.530s] INFO:colcon.colcon_core.shell:Creating package descriptor '/workspace/src/ros_sv/navigation/install/navigation/share/navigation/package.dsv'
[2.531s] INFO:colcon.colcon_core.shell:Creating package script '/workspace/src/ros_sv/navigation/install/navigation/share/navigation/package.sh'
[2.533s] INFO:colcon.colcon_core.shell:Creating package script '/workspace/src/ros_sv/navigation/install/navigation/share/navigation/package.bash'
[2.534s] INFO:colcon.colcon_core.shell:Creating package script '/workspace/src/ros_sv/navigation/install/navigation/share/navigation/package.zsh'
[2.536s] Level 1:colcon.colcon_core.environment:create_file_with_runtime_dependencies(/workspace/src/ros_sv/navigation/install/navigation/share/colcon-core/packages/navigation)
[2.536s] DEBUG:colcon.colcon_parallel_executor.executor.parallel:closing loop
[2.537s] DEBUG:colcon.colcon_parallel_executor.executor.parallel:loop closed
[2.537s] DEBUG:colcon.colcon_parallel_executor.executor.parallel:run_until_complete finished with '0'
[2.537s] DEBUG:colcon.colcon_core.event_reactor:joining thread
[2.548s] INFO:colcon.colcon_core.plugin_system:Skipping extension 'colcon_notification.desktop_notification.notify_send': Could not find 'notify-send'
[2.548s] INFO:colcon.colcon_core.plugin_system:Skipping extension 'colcon_notification.desktop_notification.terminal_notifier': Not used on non-Darwin systems
[2.548s] INFO:colcon.colcon_core.plugin_system:Skipping extension 'colcon_notification.desktop_notification.win32': Not used on non-Windows systems
[2.549s] INFO:colcon.colcon_notification.desktop_notification:Sending desktop notification using 'notify2'
[2.553s] DEBUG:colcon.colcon_notification.desktop_notification.notify2:Failed to initialize notify2: org.freedesktop.DBus.Error.Spawn.ExecFailed: /usr/bin/dbus-launch terminated abnormally without any error message
[2.554s] DEBUG:colcon.colcon_core.event_reactor:joined thread
[2.555s] INFO:colcon.colcon_core.shell:Creating prefix script '/workspace/src/ros_sv/navigation/install/local_setup.ps1'
[2.557s] INFO:colcon.colcon_core.shell:Creating prefix util module '/workspace/src/ros_sv/navigation/install/_local_setup_util_ps1.py'
[2.561s] INFO:colcon.colcon_core.shell:Creating prefix chain script '/workspace/src/ros_sv/navigation/install/setup.ps1'
[2.563s] INFO:colcon.colcon_core.shell:Creating prefix script '/workspace/src/ros_sv/navigation/install/local_setup.sh'
[2.565s] INFO:colcon.colcon_core.shell:Creating prefix util module '/workspace/src/ros_sv/navigation/install/_local_setup_util_sh.py'
[2.567s] INFO:colcon.colcon_core.shell:Creating prefix chain script '/workspace/src/ros_sv/navigation/install/setup.sh'
[2.569s] INFO:colcon.colcon_core.shell:Creating prefix script '/workspace/src/ros_sv/navigation/install/local_setup.bash'
[2.570s] INFO:colcon.colcon_core.shell:Creating prefix chain script '/workspace/src/ros_sv/navigation/install/setup.bash'
[2.572s] INFO:colcon.colcon_core.shell:Creating prefix script '/workspace/src/ros_sv/navigation/install/local_setup.zsh'
[2.573s] INFO:colcon.colcon_core.shell:Creating prefix chain script '/workspace/src/ros_sv/navigation/install/setup.zsh'
