running egg_info
creating ../build/drone_perception/drone_perception.egg-info
writing ../build/drone_perception/drone_perception.egg-info/PKG-INFO
writing dependency_links to ../build/drone_perception/drone_perception.egg-info/dependency_links.txt
writing requirements to ../build/drone_perception/drone_perception.egg-info/requires.txt
writing top-level names to ../build/drone_perception/drone_perception.egg-info/top_level.txt
writing manifest file '../build/drone_perception/drone_perception.egg-info/SOURCES.txt'
reading manifest file '../build/drone_perception/drone_perception.egg-info/SOURCES.txt'
writing manifest file '../build/drone_perception/drone_perception.egg-info/SOURCES.txt'
running build
running build_py
creating /workspace/src/ros_sv/build/drone_perception/build/lib/drone_perception
copying drone_perception/__init__.py -> /workspace/src/ros_sv/build/drone_perception/build/lib/drone_perception
copying drone_perception/aruco_detection_node.py -> /workspace/src/ros_sv/build/drone_perception/build/lib/drone_perception
running install
running install_lib
creating /workspace/src/ros_sv/install/drone_perception/lib/python3.10/site-packages/drone_perception
copying /workspace/src/ros_sv/build/drone_perception/build/lib/drone_perception/__init__.py -> /workspace/src/ros_sv/install/drone_perception/lib/python3.10/site-packages/drone_perception
copying /workspace/src/ros_sv/build/drone_perception/build/lib/drone_perception/aruco_detection_node.py -> /workspace/src/ros_sv/install/drone_perception/lib/python3.10/site-packages/drone_perception
byte-compiling /workspace/src/ros_sv/install/drone_perception/lib/python3.10/site-packages/drone_perception/__init__.py to __init__.cpython-310.pyc
byte-compiling /workspace/src/ros_sv/install/drone_perception/lib/python3.10/site-packages/drone_perception/aruco_detection_node.py to aruco_detection_node.cpython-310.pyc
running install_data
creating /workspace/src/ros_sv/install/drone_perception/share/ament_index/resource_index/packages
copying resource/drone_perception -> /workspace/src/ros_sv/install/drone_perception/share/ament_index/resource_index/packages
copying package.xml -> /workspace/src/ros_sv/install/drone_perception/share/drone_perception
running install_egg_info
Copying ../build/drone_perception/drone_perception.egg-info to /workspace/src/ros_sv/install/drone_perception/lib/python3.10/site-packages/drone_perception-0.0.0-py3.10.egg-info
running install_scripts
writing list of installed files to '/workspace/src/ros_sv/build/drone_perception/install.log'
