[0.979s] Invoking command in '/workspace/src/ros_sv/navigation': PYTHONPATH=/workspace/src/ros_sv/build/navigation/prefix_override:/usr/lib/python3/dist-packages/colcon_core/task/python/colcon_distutils_commands:/workspace/src/ros_sv/install/navigation/lib/python3.10/site-packages:${PYTHONPATH} /usr/bin/python3 -W ignore:setup.py install is deprecated -W ignore:easy_install command is deprecated setup.py egg_info --egg-base ../build/navigation build --build-base /workspace/src/ros_sv/build/navigation/build install --record /workspace/src/ros_sv/build/navigation/install.log --install-scripts $base/lib/navigation --single-version-externally-managed install_data
[1.362s] running egg_info
[1.384s] creating ../build/navigation/navigation.egg-info
[1.384s] writing ../build/navigation/navigation.egg-info/PKG-INFO
[1.385s] writing dependency_links to ../build/navigation/navigation.egg-info/dependency_links.txt
[1.386s] writing entry points to ../build/navigation/navigation.egg-info/entry_points.txt
[1.386s] writing requirements to ../build/navigation/navigation.egg-info/requires.txt
[1.386s] writing top-level names to ../build/navigation/navigation.egg-info/top_level.txt
[1.386s] writing manifest file '../build/navigation/navigation.egg-info/SOURCES.txt'
[1.437s] reading manifest file '../build/navigation/navigation.egg-info/SOURCES.txt'
[1.437s] writing manifest file '../build/navigation/navigation.egg-info/SOURCES.txt'
[1.437s] running build
[1.437s] running build_py
[1.437s] creating /workspace/src/ros_sv/build/navigation/build/lib/navigation
[1.437s] copying navigation/__init__.py -> /workspace/src/ros_sv/build/navigation/build/lib/navigation
[1.437s] copying navigation/mission_node.py -> /workspace/src/ros_sv/build/navigation/build/lib/navigation
[1.438s] copying navigation/arm_takeoff_node.py -> /workspace/src/ros_sv/build/navigation/build/lib/navigation
[1.446s] running install
[1.454s] running install_lib
[1.478s] creating /workspace/src/ros_sv/install/navigation/lib/python3.10/site-packages/navigation
[1.478s] copying /workspace/src/ros_sv/build/navigation/build/lib/navigation/__init__.py -> /workspace/src/ros_sv/install/navigation/lib/python3.10/site-packages/navigation
[1.478s] copying /workspace/src/ros_sv/build/navigation/build/lib/navigation/mission_node.py -> /workspace/src/ros_sv/install/navigation/lib/python3.10/site-packages/navigation
[1.478s] copying /workspace/src/ros_sv/build/navigation/build/lib/navigation/arm_takeoff_node.py -> /workspace/src/ros_sv/install/navigation/lib/python3.10/site-packages/navigation
[1.481s] byte-compiling /workspace/src/ros_sv/install/navigation/lib/python3.10/site-packages/navigation/__init__.py to __init__.cpython-310.pyc
[1.481s] byte-compiling /workspace/src/ros_sv/install/navigation/lib/python3.10/site-packages/navigation/mission_node.py to mission_node.cpython-310.pyc
[1.483s] byte-compiling /workspace/src/ros_sv/install/navigation/lib/python3.10/site-packages/navigation/arm_takeoff_node.py to arm_takeoff_node.cpython-310.pyc
[1.484s] running install_data
[1.484s] creating /workspace/src/ros_sv/install/navigation/share/ament_index/resource_index/packages
[1.485s] copying resource/navigation -> /workspace/src/ros_sv/install/navigation/share/ament_index/resource_index/packages
[1.485s] copying package.xml -> /workspace/src/ros_sv/install/navigation/share/navigation
[1.485s] running install_egg_info
[1.514s] Copying ../build/navigation/navigation.egg-info to /workspace/src/ros_sv/install/navigation/lib/python3.10/site-packages/navigation-0.0.0-py3.10.egg-info
[1.514s] running install_scripts
[1.567s] Installing arm_takeoff_node script to /workspace/src/ros_sv/install/navigation/lib/navigation
[1.567s] Installing mission_node script to /workspace/src/ros_sv/install/navigation/lib/navigation
[1.568s] writing list of installed files to '/workspace/src/ros_sv/build/navigation/install.log'
[1.616s] Invoked command in '/workspace/src/ros_sv/navigation' returned '0': PYTHONPATH=/workspace/src/ros_sv/build/navigation/prefix_override:/usr/lib/python3/dist-packages/colcon_core/task/python/colcon_distutils_commands:/workspace/src/ros_sv/install/navigation/lib/python3.10/site-packages:${PYTHONPATH} /usr/bin/python3 -W ignore:setup.py install is deprecated -W ignore:easy_install command is deprecated setup.py egg_info --egg-base ../build/navigation build --build-base /workspace/src/ros_sv/build/navigation/build install --record /workspace/src/ros_sv/build/navigation/install.log --install-scripts $base/lib/navigation --single-version-externally-managed install_data
