[0.279s] DEBUG:colcon:Command line arguments: ['/usr/bin/colcon', 'build', '--packages-select', 'navigation']
[0.280s] DEBUG:colcon:Parsed command line arguments: Namespace(log_base=None, log_level=None, verb_name='build', build_base='build', install_base='install', merge_install=False, symlink_install=False, test_result_base=None, continue_on_error=False, executor='parallel', parallel_workers=8, event_handlers=None, ignore_user_meta=False, metas=['./colcon.meta'], base_paths=['.'], packages_ignore=None, packages_ignore_regex=None, paths=None, packages_up_to=None, packages_up_to_regex=None, packages_above=None, packages_above_and_dependencies=None, packages_above_depth=None, packages_select_by_dep=None, packages_skip_by_dep=None, packages_skip_up_to=None, packages_select_build_failed=False, packages_skip_build_finished=False, packages_select_test_failures=False, packages_skip_test_passed=False, packages_select=['navigation'], packages_skip=None, packages_select_regex=None, packages_skip_regex=None, packages_start=None, packages_end=None, cmake_args=None, cmake_target=None, cmake_target_skip_unavailable=False, cmake_clean_cache=False, cmake_clean_first=False, cmake_force_configure=False, ament_cmake_args=None, catkin_cmake_args=None, catkin_skip_building_tests=False, mixin_files=None, mixin=None, verb_parser=<colcon_mixin.mixin.mixin_argument.MixinArgumentDecorator object at 0x73b91c9a7100>, verb_extension=<colcon_core.verb.build.BuildVerb object at 0x73b91c968bb0>, main=<bound method BuildVerb.main of <colcon_core.verb.build.BuildVerb object at 0x73b91c968bb0>>, mixin_verb=('build',))
[0.402s] Level 1:colcon.colcon_core.package_discovery:discover_packages(colcon_meta) check parameters
[0.402s] Level 1:colcon.colcon_core.package_discovery:discover_packages(recursive) check parameters
[0.403s] Level 1:colcon.colcon_core.package_discovery:discover_packages(ignore) check parameters
[0.403s] Level 1:colcon.colcon_core.package_discovery:discover_packages(path) check parameters
[0.403s] Level 1:colcon.colcon_core.package_discovery:discover_packages(colcon_meta) discover
[0.403s] Level 1:colcon.colcon_core.package_discovery:discover_packages(recursive) discover
[0.403s] INFO:colcon.colcon_core.package_discovery:Crawling recursively for packages in '/workspace/src/ros_sv'
[0.403s] Level 1:colcon.colcon_core.package_identification:_identify(.) by extensions ['ignore', 'ignore_ament_install']
[0.404s] Level 1:colcon.colcon_core.package_identification:_identify(.) by extension 'ignore'
[0.404s] Level 1:colcon.colcon_core.package_identification:_identify(.) by extension 'ignore_ament_install'
[0.404s] Level 1:colcon.colcon_core.package_identification:_identify(.) by extensions ['colcon_pkg']
[0.404s] Level 1:colcon.colcon_core.package_identification:_identify(.) by extension 'colcon_pkg'
[0.404s] Level 1:colcon.colcon_core.package_identification:_identify(.) by extensions ['colcon_meta']
[0.404s] Level 1:colcon.colcon_core.package_identification:_identify(.) by extension 'colcon_meta'
[0.404s] Level 1:colcon.colcon_core.package_identification:_identify(.) by extensions ['ros']
[0.405s] Level 1:colcon.colcon_core.package_identification:_identify(.) by extension 'ros'
[0.503s] Level 1:colcon.colcon_core.package_identification:_identify(.) by extensions ['cmake', 'python']
[0.503s] Level 1:colcon.colcon_core.package_identification:_identify(.) by extension 'cmake'
[0.503s] Level 1:colcon.colcon_core.package_identification:_identify(.) by extension 'python'
[0.503s] Level 1:colcon.colcon_core.package_identification:_identify(.) by extensions ['python_setup_py']
[0.503s] Level 1:colcon.colcon_core.package_identification:_identify(.) by extension 'python_setup_py'
[0.504s] Level 1:colcon.colcon_core.package_identification:_identify(build) by extensions ['ignore', 'ignore_ament_install']
[0.504s] Level 1:colcon.colcon_core.package_identification:_identify(build) by extension 'ignore'
[0.504s] Level 1:colcon.colcon_core.package_identification:_identify(build) ignored
[0.504s] Level 1:colcon.colcon_core.package_identification:_identify(drone_perception) by extensions ['ignore', 'ignore_ament_install']
[0.505s] Level 1:colcon.colcon_core.package_identification:_identify(drone_perception) by extension 'ignore'
[0.505s] Level 1:colcon.colcon_core.package_identification:_identify(drone_perception) by extension 'ignore_ament_install'
[0.505s] Level 1:colcon.colcon_core.package_identification:_identify(drone_perception) by extensions ['colcon_pkg']
[0.505s] Level 1:colcon.colcon_core.package_identification:_identify(drone_perception) by extension 'colcon_pkg'
[0.505s] Level 1:colcon.colcon_core.package_identification:_identify(drone_perception) by extensions ['colcon_meta']
[0.505s] Level 1:colcon.colcon_core.package_identification:_identify(drone_perception) by extension 'colcon_meta'
[0.505s] Level 1:colcon.colcon_core.package_identification:_identify(drone_perception) by extensions ['ros']
[0.505s] Level 1:colcon.colcon_core.package_identification:_identify(drone_perception) by extension 'ros'
[0.512s] DEBUG:colcon.colcon_core.package_identification:Package 'drone_perception' with type 'ros.ament_python' and name 'drone_perception'
[0.513s] Level 1:colcon.colcon_core.package_identification:_identify(install) by extensions ['ignore', 'ignore_ament_install']
[0.513s] Level 1:colcon.colcon_core.package_identification:_identify(install) by extension 'ignore'
[0.513s] Level 1:colcon.colcon_core.package_identification:_identify(install) ignored
[0.513s] Level 1:colcon.colcon_core.package_identification:_identify(log) by extensions ['ignore', 'ignore_ament_install']
[0.513s] Level 1:colcon.colcon_core.package_identification:_identify(log) by extension 'ignore'
[0.514s] Level 1:colcon.colcon_core.package_identification:_identify(log) ignored
[0.514s] Level 1:colcon.colcon_core.package_identification:_identify(navigation) by extensions ['ignore', 'ignore_ament_install']
[0.514s] Level 1:colcon.colcon_core.package_identification:_identify(navigation) by extension 'ignore'
[0.514s] Level 1:colcon.colcon_core.package_identification:_identify(navigation) by extension 'ignore_ament_install'
[0.514s] Level 1:colcon.colcon_core.package_identification:_identify(navigation) by extensions ['colcon_pkg']
[0.514s] Level 1:colcon.colcon_core.package_identification:_identify(navigation) by extension 'colcon_pkg'
[0.514s] Level 1:colcon.colcon_core.package_identification:_identify(navigation) by extensions ['colcon_meta']
[0.514s] Level 1:colcon.colcon_core.package_identification:_identify(navigation) by extension 'colcon_meta'
[0.515s] Level 1:colcon.colcon_core.package_identification:_identify(navigation) by extensions ['ros']
[0.515s] Level 1:colcon.colcon_core.package_identification:_identify(navigation) by extension 'ros'
[0.517s] DEBUG:colcon.colcon_core.package_identification:Package 'navigation' with type 'ros.ament_python' and name 'navigation'
[0.517s] Level 1:colcon.colcon_core.package_discovery:discover_packages(recursive) using defaults
[0.517s] Level 1:colcon.colcon_core.package_discovery:discover_packages(ignore) discover
[0.517s] Level 1:colcon.colcon_core.package_discovery:discover_packages(ignore) using defaults
[0.517s] Level 1:colcon.colcon_core.package_discovery:discover_packages(path) discover
[0.517s] Level 1:colcon.colcon_core.package_discovery:discover_packages(path) using defaults
[0.565s] INFO:colcon.colcon_core.package_selection:Skipping not selected package 'drone_perception' in 'drone_perception'
[0.566s] Level 5:colcon.colcon_core.verb:set package 'navigation' build argument 'cmake_args' from command line to 'None'
[0.566s] Level 5:colcon.colcon_core.verb:set package 'navigation' build argument 'cmake_target' from command line to 'None'
[0.566s] Level 5:colcon.colcon_core.verb:set package 'navigation' build argument 'cmake_target_skip_unavailable' from command line to 'False'
[0.566s] Level 5:colcon.colcon_core.verb:set package 'navigation' build argument 'cmake_clean_cache' from command line to 'False'
[0.566s] Level 5:colcon.colcon_core.verb:set package 'navigation' build argument 'cmake_clean_first' from command line to 'False'
[0.566s] Level 5:colcon.colcon_core.verb:set package 'navigation' build argument 'cmake_force_configure' from command line to 'False'
[0.566s] Level 5:colcon.colcon_core.verb:set package 'navigation' build argument 'ament_cmake_args' from command line to 'None'
[0.567s] Level 5:colcon.colcon_core.verb:set package 'navigation' build argument 'catkin_cmake_args' from command line to 'None'
[0.567s] Level 5:colcon.colcon_core.verb:set package 'navigation' build argument 'catkin_skip_building_tests' from command line to 'False'
[0.567s] DEBUG:colcon.colcon_core.verb:Building package 'navigation' with the following arguments: {'ament_cmake_args': None, 'build_base': '/workspace/src/ros_sv/build/navigation', 'catkin_cmake_args': None, 'catkin_skip_building_tests': False, 'cmake_args': None, 'cmake_clean_cache': False, 'cmake_clean_first': False, 'cmake_force_configure': False, 'cmake_target': None, 'cmake_target_skip_unavailable': False, 'install_base': '/workspace/src/ros_sv/install/navigation', 'merge_install': False, 'path': '/workspace/src/ros_sv/navigation', 'symlink_install': False, 'test_result_base': None}
[0.567s] INFO:colcon.colcon_core.executor:Executing jobs using 'parallel' executor
[0.569s] DEBUG:colcon.colcon_parallel_executor.executor.parallel:run_until_complete
[0.569s] INFO:colcon.colcon_ros.task.ament_python.build:Building ROS package in '/workspace/src/ros_sv/navigation' with build type 'ament_python'
[0.570s] Level 1:colcon.colcon_core.shell:create_environment_hook('navigation', 'ament_prefix_path')
[0.573s] INFO:colcon.colcon_core.plugin_system:Skipping extension 'colcon_core.shell.bat': Not used on non-Windows systems
[0.574s] INFO:colcon.colcon_core.shell:Creating environment hook '/workspace/src/ros_sv/install/navigation/share/navigation/hook/ament_prefix_path.ps1'
[0.575s] INFO:colcon.colcon_core.shell:Creating environment descriptor '/workspace/src/ros_sv/install/navigation/share/navigation/hook/ament_prefix_path.dsv'
[0.577s] INFO:colcon.colcon_core.shell:Creating environment hook '/workspace/src/ros_sv/install/navigation/share/navigation/hook/ament_prefix_path.sh'
[0.579s] INFO:colcon.colcon_core.shell:Skip shell extension 'powershell' for command environment: Not usable outside of PowerShell
[0.579s] DEBUG:colcon.colcon_core.shell:Skip shell extension 'dsv' for command environment
[1.175s] INFO:colcon.colcon_core.task.python.build:Building Python package in '/workspace/src/ros_sv/navigation'
[1.176s] INFO:colcon.colcon_core.shell:Skip shell extension 'powershell' for command environment: Not usable outside of PowerShell
[1.176s] DEBUG:colcon.colcon_core.shell:Skip shell extension 'dsv' for command environment
[2.180s] DEBUG:colcon.colcon_core.task.python.build:Available setuptools commands: build, rotate, build_ext, install, install_scripts, develop, easy_install, egg_info, install_lib, alias, sdist, bdist, install_headers, bdist_wheel, build_py, build_scripts, check, build_clib, symlink_data, bdist_egg, clean, install_egg_info, editable_wheel, bdist_rpm, bdist_dumb, saveopts, setopt, install_data, dist_info
[2.185s] DEBUG:colcon.colcon_core.event_handler.log_command:Invoking command in '/workspace/src/ros_sv/navigation': PYTHONPATH=/workspace/src/ros_sv/build/navigation/prefix_override:/usr/lib/python3/dist-packages/colcon_core/task/python/colcon_distutils_commands:/workspace/src/ros_sv/install/navigation/lib/python3.10/site-packages:${PYTHONPATH} /usr/bin/python3 -W ignore:setup.py install is deprecated -W ignore:easy_install command is deprecated setup.py egg_info --egg-base ../build/navigation build --build-base /workspace/src/ros_sv/build/navigation/build install --record /workspace/src/ros_sv/build/navigation/install.log --install-scripts $base/lib/navigation --single-version-externally-managed install_data
[3.246s] DEBUG:colcon.colcon_core.event_handler.log_command:Invoked command in '/workspace/src/ros_sv/navigation' returned '0': PYTHONPATH=/workspace/src/ros_sv/build/navigation/prefix_override:/usr/lib/python3/dist-packages/colcon_core/task/python/colcon_distutils_commands:/workspace/src/ros_sv/install/navigation/lib/python3.10/site-packages:${PYTHONPATH} /usr/bin/python3 -W ignore:setup.py install is deprecated -W ignore:easy_install command is deprecated setup.py egg_info --egg-base ../build/navigation build --build-base /workspace/src/ros_sv/build/navigation/build install --record /workspace/src/ros_sv/build/navigation/install.log --install-scripts $base/lib/navigation --single-version-externally-managed install_data
[3.253s] Level 1:colcon.colcon_core.environment:checking '/workspace/src/ros_sv/install/navigation' for CMake module files
[3.255s] Level 1:colcon.colcon_core.environment:checking '/workspace/src/ros_sv/install/navigation' for CMake config files
[3.260s] Level 1:colcon.colcon_core.environment:checking '/workspace/src/ros_sv/install/navigation/lib'
[3.263s] Level 1:colcon.colcon_core.environment:checking '/workspace/src/ros_sv/install/navigation/bin'
[3.263s] Level 1:colcon.colcon_core.environment:checking '/workspace/src/ros_sv/install/navigation/lib/pkgconfig/navigation.pc'
[3.264s] Level 1:colcon.colcon_core.environment:checking '/workspace/src/ros_sv/install/navigation/lib/python3.10/site-packages'
[3.265s] Level 1:colcon.colcon_core.shell:create_environment_hook('navigation', 'pythonpath')
[3.266s] INFO:colcon.colcon_core.shell:Creating environment hook '/workspace/src/ros_sv/install/navigation/share/navigation/hook/pythonpath.ps1'
[3.269s] INFO:colcon.colcon_core.shell:Creating environment descriptor '/workspace/src/ros_sv/install/navigation/share/navigation/hook/pythonpath.dsv'
[3.270s] INFO:colcon.colcon_core.shell:Creating environment hook '/workspace/src/ros_sv/install/navigation/share/navigation/hook/pythonpath.sh'
[3.272s] Level 1:colcon.colcon_core.environment:checking '/workspace/src/ros_sv/install/navigation/bin'
[3.272s] Level 1:colcon.colcon_core.environment:create_environment_scripts_only(navigation)
[3.273s] INFO:colcon.colcon_core.shell:Creating package script '/workspace/src/ros_sv/install/navigation/share/navigation/package.ps1'
[3.277s] INFO:colcon.colcon_core.shell:Creating package descriptor '/workspace/src/ros_sv/install/navigation/share/navigation/package.dsv'
[3.279s] INFO:colcon.colcon_core.shell:Creating package script '/workspace/src/ros_sv/install/navigation/share/navigation/package.sh'
[3.280s] INFO:colcon.colcon_core.shell:Creating package script '/workspace/src/ros_sv/install/navigation/share/navigation/package.bash'
[3.282s] INFO:colcon.colcon_core.shell:Creating package script '/workspace/src/ros_sv/install/navigation/share/navigation/package.zsh'
[3.284s] Level 1:colcon.colcon_core.environment:create_file_with_runtime_dependencies(/workspace/src/ros_sv/install/navigation/share/colcon-core/packages/navigation)
[3.285s] DEBUG:colcon.colcon_parallel_executor.executor.parallel:closing loop
[3.286s] DEBUG:colcon.colcon_parallel_executor.executor.parallel:loop closed
[3.286s] DEBUG:colcon.colcon_parallel_executor.executor.parallel:run_until_complete finished with '0'
[3.287s] DEBUG:colcon.colcon_core.event_reactor:joining thread
[3.299s] INFO:colcon.colcon_core.plugin_system:Skipping extension 'colcon_notification.desktop_notification.notify_send': Could not find 'notify-send'
[3.299s] INFO:colcon.colcon_core.plugin_system:Skipping extension 'colcon_notification.desktop_notification.terminal_notifier': Not used on non-Darwin systems
[3.299s] INFO:colcon.colcon_core.plugin_system:Skipping extension 'colcon_notification.desktop_notification.win32': Not used on non-Windows systems
[3.300s] INFO:colcon.colcon_notification.desktop_notification:Sending desktop notification using 'notify2'
[3.305s] DEBUG:colcon.colcon_notification.desktop_notification.notify2:Failed to initialize notify2: org.freedesktop.DBus.Error.Spawn.ExecFailed: /usr/bin/dbus-launch terminated abnormally without any error message
[3.306s] DEBUG:colcon.colcon_core.event_reactor:joined thread
[3.307s] INFO:colcon.colcon_core.shell:Creating prefix script '/workspace/src/ros_sv/install/local_setup.ps1'
[3.312s] INFO:colcon.colcon_core.shell:Creating prefix util module '/workspace/src/ros_sv/install/_local_setup_util_ps1.py'
[3.318s] INFO:colcon.colcon_core.shell:Creating prefix chain script '/workspace/src/ros_sv/install/setup.ps1'
[3.322s] INFO:colcon.colcon_core.shell:Creating prefix script '/workspace/src/ros_sv/install/local_setup.sh'
[3.324s] INFO:colcon.colcon_core.shell:Creating prefix util module '/workspace/src/ros_sv/install/_local_setup_util_sh.py'
[3.326s] INFO:colcon.colcon_core.shell:Creating prefix chain script '/workspace/src/ros_sv/install/setup.sh'
[3.329s] INFO:colcon.colcon_core.shell:Creating prefix script '/workspace/src/ros_sv/install/local_setup.bash'
[3.330s] INFO:colcon.colcon_core.shell:Creating prefix chain script '/workspace/src/ros_sv/install/setup.bash'
[3.332s] INFO:colcon.colcon_core.shell:Creating prefix script '/workspace/src/ros_sv/install/local_setup.zsh'
[3.333s] INFO:colcon.colcon_core.shell:Creating prefix chain script '/workspace/src/ros_sv/install/setup.zsh'
